Archive member included because of file (symbol)

f:/01- embedded systems avr tools-20230304t182915z-001/01- embedded systems avr tools/01- imt sdk/imt_sdk_win_64/imt_sdk_win_64/winavr/bin/../lib/gcc/avr/4.3.3/avr5\libgcc.a(_exit.o)
                              f:/01- embedded systems avr tools-20230304t182915z-001/01- embedded systems avr tools/01- imt sdk/imt_sdk_win_64/imt_sdk_win_64/winavr/bin/../lib/gcc/avr/4.3.3/../../../../avr/lib/avr5/crtm32.o (exit)
f:/01- embedded systems avr tools-20230304t182915z-001/01- embedded systems avr tools/01- imt sdk/imt_sdk_win_64/imt_sdk_win_64/winavr/bin/../lib/gcc/avr/4.3.3/avr5\libgcc.a(_copy_data.o)
                              ./HAL/SevSeg_Driver/SevSeg_program.o (__do_copy_data)
f:/01- embedded systems avr tools-20230304t182915z-001/01- embedded systems avr tools/01- imt sdk/imt_sdk_win_64/imt_sdk_win_64/winavr/bin/../lib/gcc/avr/4.3.3/avr5\libgcc.a(_clear_bss.o)
                              ./MCAL/Timers/Timer0/Timer0_program.o (__do_clear_bss)
f:/01- embedded systems avr tools-20230304t182915z-001/01- embedded systems avr tools/01- imt sdk/imt_sdk_win_64/imt_sdk_win_64/winavr/bin/../lib/gcc/avr/4.3.3/avr5\libgcc.a(_fixunssfsi.o)
                              ./HAL/LCD_Driver/LCD_program.o (__fixunssfsi)
f:/01- embedded systems avr tools-20230304t182915z-001/01- embedded systems avr tools/01- imt sdk/imt_sdk_win_64/imt_sdk_win_64/winavr/bin/../lib/gcc/avr/4.3.3/avr5\libgcc.a(_addsub_sf.o)
                              f:/01- embedded systems avr tools-20230304t182915z-001/01- embedded systems avr tools/01- imt sdk/imt_sdk_win_64/imt_sdk_win_64/winavr/bin/../lib/gcc/avr/4.3.3/avr5\libgcc.a(_fixunssfsi.o) (__subsf3)
f:/01- embedded systems avr tools-20230304t182915z-001/01- embedded systems avr tools/01- imt sdk/imt_sdk_win_64/imt_sdk_win_64/winavr/bin/../lib/gcc/avr/4.3.3/avr5\libgcc.a(_mul_sf.o)
                              ./HAL/LCD_Driver/LCD_program.o (__mulsf3)
f:/01- embedded systems avr tools-20230304t182915z-001/01- embedded systems avr tools/01- imt sdk/imt_sdk_win_64/imt_sdk_win_64/winavr/bin/../lib/gcc/avr/4.3.3/avr5\libgcc.a(_gt_sf.o)
                              ./HAL/LCD_Driver/LCD_program.o (__gtsf2)
f:/01- embedded systems avr tools-20230304t182915z-001/01- embedded systems avr tools/01- imt sdk/imt_sdk_win_64/imt_sdk_win_64/winavr/bin/../lib/gcc/avr/4.3.3/avr5\libgcc.a(_ge_sf.o)
                              f:/01- embedded systems avr tools-20230304t182915z-001/01- embedded systems avr tools/01- imt sdk/imt_sdk_win_64/imt_sdk_win_64/winavr/bin/../lib/gcc/avr/4.3.3/avr5\libgcc.a(_fixunssfsi.o) (__gesf2)
f:/01- embedded systems avr tools-20230304t182915z-001/01- embedded systems avr tools/01- imt sdk/imt_sdk_win_64/imt_sdk_win_64/winavr/bin/../lib/gcc/avr/4.3.3/avr5\libgcc.a(_lt_sf.o)
                              ./HAL/LCD_Driver/LCD_program.o (__ltsf2)
f:/01- embedded systems avr tools-20230304t182915z-001/01- embedded systems avr tools/01- imt sdk/imt_sdk_win_64/imt_sdk_win_64/winavr/bin/../lib/gcc/avr/4.3.3/avr5\libgcc.a(_sf_to_si.o)
                              f:/01- embedded systems avr tools-20230304t182915z-001/01- embedded systems avr tools/01- imt sdk/imt_sdk_win_64/imt_sdk_win_64/winavr/bin/../lib/gcc/avr/4.3.3/avr5\libgcc.a(_fixunssfsi.o) (__fixsfsi)
f:/01- embedded systems avr tools-20230304t182915z-001/01- embedded systems avr tools/01- imt sdk/imt_sdk_win_64/imt_sdk_win_64/winavr/bin/../lib/gcc/avr/4.3.3/avr5\libgcc.a(_thenan_sf.o)
                              f:/01- embedded systems avr tools-20230304t182915z-001/01- embedded systems avr tools/01- imt sdk/imt_sdk_win_64/imt_sdk_win_64/winavr/bin/../lib/gcc/avr/4.3.3/avr5\libgcc.a(_addsub_sf.o) (__thenan_sf)
f:/01- embedded systems avr tools-20230304t182915z-001/01- embedded systems avr tools/01- imt sdk/imt_sdk_win_64/imt_sdk_win_64/winavr/bin/../lib/gcc/avr/4.3.3/avr5\libgcc.a(_usi_to_sf.o)
                              ./HAL/LCD_Driver/LCD_program.o (__floatunsisf)
f:/01- embedded systems avr tools-20230304t182915z-001/01- embedded systems avr tools/01- imt sdk/imt_sdk_win_64/imt_sdk_win_64/winavr/bin/../lib/gcc/avr/4.3.3/avr5\libgcc.a(_prologue.o)
                              f:/01- embedded systems avr tools-20230304t182915z-001/01- embedded systems avr tools/01- imt sdk/imt_sdk_win_64/imt_sdk_win_64/winavr/bin/../lib/gcc/avr/4.3.3/avr5\libgcc.a(_addsub_sf.o) (__prologue_saves__)
f:/01- embedded systems avr tools-20230304t182915z-001/01- embedded systems avr tools/01- imt sdk/imt_sdk_win_64/imt_sdk_win_64/winavr/bin/../lib/gcc/avr/4.3.3/avr5\libgcc.a(_epilogue.o)
                              f:/01- embedded systems avr tools-20230304t182915z-001/01- embedded systems avr tools/01- imt sdk/imt_sdk_win_64/imt_sdk_win_64/winavr/bin/../lib/gcc/avr/4.3.3/avr5\libgcc.a(_addsub_sf.o) (__epilogue_restores__)
f:/01- embedded systems avr tools-20230304t182915z-001/01- embedded systems avr tools/01- imt sdk/imt_sdk_win_64/imt_sdk_win_64/winavr/bin/../lib/gcc/avr/4.3.3/avr5\libgcc.a(_clzsi2.o)
                              f:/01- embedded systems avr tools-20230304t182915z-001/01- embedded systems avr tools/01- imt sdk/imt_sdk_win_64/imt_sdk_win_64/winavr/bin/../lib/gcc/avr/4.3.3/avr5\libgcc.a(_usi_to_sf.o) (__clzsi2)
f:/01- embedded systems avr tools-20230304t182915z-001/01- embedded systems avr tools/01- imt sdk/imt_sdk_win_64/imt_sdk_win_64/winavr/bin/../lib/gcc/avr/4.3.3/avr5\libgcc.a(_pack_sf.o)
                              f:/01- embedded systems avr tools-20230304t182915z-001/01- embedded systems avr tools/01- imt sdk/imt_sdk_win_64/imt_sdk_win_64/winavr/bin/../lib/gcc/avr/4.3.3/avr5\libgcc.a(_addsub_sf.o) (__pack_f)
f:/01- embedded systems avr tools-20230304t182915z-001/01- embedded systems avr tools/01- imt sdk/imt_sdk_win_64/imt_sdk_win_64/winavr/bin/../lib/gcc/avr/4.3.3/avr5\libgcc.a(_unpack_sf.o)
                              f:/01- embedded systems avr tools-20230304t182915z-001/01- embedded systems avr tools/01- imt sdk/imt_sdk_win_64/imt_sdk_win_64/winavr/bin/../lib/gcc/avr/4.3.3/avr5\libgcc.a(_addsub_sf.o) (__unpack_f)
f:/01- embedded systems avr tools-20230304t182915z-001/01- embedded systems avr tools/01- imt sdk/imt_sdk_win_64/imt_sdk_win_64/winavr/bin/../lib/gcc/avr/4.3.3/avr5\libgcc.a(_fpcmp_parts_sf.o)
                              f:/01- embedded systems avr tools-20230304t182915z-001/01- embedded systems avr tools/01- imt sdk/imt_sdk_win_64/imt_sdk_win_64/winavr/bin/../lib/gcc/avr/4.3.3/avr5\libgcc.a(_gt_sf.o) (__fpcmp_parts_f)
f:/01- embedded systems avr tools-20230304t182915z-001/01- embedded systems avr tools/01- imt sdk/imt_sdk_win_64/imt_sdk_win_64/winavr/bin/../lib/gcc/avr/4.3.3/avr5\libgcc.a(_clz.o)
                              f:/01- embedded systems avr tools-20230304t182915z-001/01- embedded systems avr tools/01- imt sdk/imt_sdk_win_64/imt_sdk_win_64/winavr/bin/../lib/gcc/avr/4.3.3/avr5\libgcc.a(_clzsi2.o) (__clz_tab)
f:/01- embedded systems avr tools-20230304t182915z-001/01- embedded systems avr tools/01- imt sdk/imt_sdk_win_64/imt_sdk_win_64/winavr/bin/../lib/gcc/avr/4.3.3/../../../../avr/lib/avr5\libc.a(dtostrf.o)
                              ./HAL/LCD_Driver/LCD_program.o (dtostrf)
f:/01- embedded systems avr tools-20230304t182915z-001/01- embedded systems avr tools/01- imt sdk/imt_sdk_win_64/imt_sdk_win_64/winavr/bin/../lib/gcc/avr/4.3.3/../../../../avr/lib/avr5\libc.a(dtoa_prf.o)
                              f:/01- embedded systems avr tools-20230304t182915z-001/01- embedded systems avr tools/01- imt sdk/imt_sdk_win_64/imt_sdk_win_64/winavr/bin/../lib/gcc/avr/4.3.3/../../../../avr/lib/avr5\libc.a(dtostrf.o) (dtoa_prf)
f:/01- embedded systems avr tools-20230304t182915z-001/01- embedded systems avr tools/01- imt sdk/imt_sdk_win_64/imt_sdk_win_64/winavr/bin/../lib/gcc/avr/4.3.3/../../../../avr/lib/avr5\libc.a(ftoa_engine.o)
                              f:/01- embedded systems avr tools-20230304t182915z-001/01- embedded systems avr tools/01- imt sdk/imt_sdk_win_64/imt_sdk_win_64/winavr/bin/../lib/gcc/avr/4.3.3/../../../../avr/lib/avr5\libc.a(dtoa_prf.o) (__ftoa_engine)

Memory Configuration

Name             Origin             Length             Attributes
text             0x00000000         0x00020000         xr
data             0x00800060         0x0000ffa0         rw !x
eeprom           0x00810000         0x00010000         rw !x
fuse             0x00820000         0x00000400         rw !x
lock             0x00830000         0x00000400         rw !x
signature        0x00840000         0x00000400         rw !x
*default*        0x00000000         0xffffffff

Linker script and memory map

LOAD f:/01- embedded systems avr tools-20230304t182915z-001/01- embedded systems avr tools/01- imt sdk/imt_sdk_win_64/imt_sdk_win_64/winavr/bin/../lib/gcc/avr/4.3.3/../../../../avr/lib/avr5/crtm32.o
LOAD ./MCAL/Timers/Timer0/Timer0_program.o
LOAD ./MCAL/Ext_INT/INT1/INT1_program.o
LOAD ./MCAL/DIO/DIO_program.o
LOAD ./HAL/Switch/Switch_program.o
LOAD ./HAL/SevSeg_Driver/SevSeg_program.o
LOAD ./HAL/Led_Driver/Led_Program.o
LOAD ./HAL/LCD_Driver/LCD_program.o
LOAD ./HAL/KeyPad_Driver/KeyPad_program.o
LOAD ./APP/main.o
LOAD f:/01- embedded systems avr tools-20230304t182915z-001/01- embedded systems avr tools/01- imt sdk/imt_sdk_win_64/imt_sdk_win_64/winavr/bin/../lib/gcc/avr/4.3.3/avr5\libgcc.a
LOAD f:/01- embedded systems avr tools-20230304t182915z-001/01- embedded systems avr tools/01- imt sdk/imt_sdk_win_64/imt_sdk_win_64/winavr/bin/../lib/gcc/avr/4.3.3/../../../../avr/lib/avr5\libc.a
LOAD f:/01- embedded systems avr tools-20230304t182915z-001/01- embedded systems avr tools/01- imt sdk/imt_sdk_win_64/imt_sdk_win_64/winavr/bin/../lib/gcc/avr/4.3.3/avr5\libgcc.a

.hash
 *(.hash)

.dynsym
 *(.dynsym)

.dynstr
 *(.dynstr)

.gnu.version
 *(.gnu.version)

.gnu.version_d
 *(.gnu.version_d)

.gnu.version_r
 *(.gnu.version_r)

.rel.init
 *(.rel.init)

.rela.init
 *(.rela.init)

.rel.text
 *(.rel.text)
 *(.rel.text.*)
 *(.rel.gnu.linkonce.t*)

.rela.text
 *(.rela.text)
 *(.rela.text.*)
 *(.rela.gnu.linkonce.t*)

.rel.fini
 *(.rel.fini)

.rela.fini
 *(.rela.fini)

.rel.rodata
 *(.rel.rodata)
 *(.rel.rodata.*)
 *(.rel.gnu.linkonce.r*)

.rela.rodata
 *(.rela.rodata)
 *(.rela.rodata.*)
 *(.rela.gnu.linkonce.r*)

.rel.data
 *(.rel.data)
 *(.rel.data.*)
 *(.rel.gnu.linkonce.d*)

.rela.data
 *(.rela.data)
 *(.rela.data.*)
 *(.rela.gnu.linkonce.d*)

.rel.ctors
 *(.rel.ctors)

.rela.ctors
 *(.rela.ctors)

.rel.dtors
 *(.rel.dtors)

.rela.dtors
 *(.rela.dtors)

.rel.got
 *(.rel.got)

.rela.got
 *(.rela.got)

.rel.bss
 *(.rel.bss)

.rela.bss
 *(.rela.bss)

.rel.plt
 *(.rel.plt)

.rela.plt
 *(.rela.plt)

.text           0x00000000     0x2fbc
 *(.vectors)
 .vectors       0x00000000       0x54 f:/01- embedded systems avr tools-20230304t182915z-001/01- embedded systems avr tools/01- imt sdk/imt_sdk_win_64/imt_sdk_win_64/winavr/bin/../lib/gcc/avr/4.3.3/../../../../avr/lib/avr5/crtm32.o
                0x00000000                __vectors
                0x00000000                __vector_default
 *(.vectors)
 *(.progmem.gcc*)
 *(.progmem*)
 .progmem.data  0x00000054       0xfa f:/01- embedded systems avr tools-20230304t182915z-001/01- embedded systems avr tools/01- imt sdk/imt_sdk_win_64/imt_sdk_win_64/winavr/bin/../lib/gcc/avr/4.3.3/../../../../avr/lib/avr5\libc.a(ftoa_engine.o)
                0x0000014e                . = ALIGN (0x2)
                0x0000014e                __trampolines_start = .
 *(.trampolines)
 .trampolines   0x0000014e        0x0 linker stubs
 *(.trampolines*)
                0x0000014e                __trampolines_end = .
 *(.jumptables)
 *(.jumptables*)
 *(.lowtext)
 *(.lowtext*)
                0x0000014e                __ctors_start = .
 *(.ctors)
                0x0000014e                __ctors_end = .
                0x0000014e                __dtors_start = .
 *(.dtors)
                0x0000014e                __dtors_end = .
 SORT(*)(.ctors)
 SORT(*)(.dtors)
 *(.init0)
 .init0         0x0000014e        0x0 f:/01- embedded systems avr tools-20230304t182915z-001/01- embedded systems avr tools/01- imt sdk/imt_sdk_win_64/imt_sdk_win_64/winavr/bin/../lib/gcc/avr/4.3.3/../../../../avr/lib/avr5/crtm32.o
                0x0000014e                __init
 *(.init0)
 *(.init1)
 *(.init1)
 *(.init2)
 .init2         0x0000014e        0xc f:/01- embedded systems avr tools-20230304t182915z-001/01- embedded systems avr tools/01- imt sdk/imt_sdk_win_64/imt_sdk_win_64/winavr/bin/../lib/gcc/avr/4.3.3/../../../../avr/lib/avr5/crtm32.o
 *(.init2)
 *(.init3)
 *(.init3)
 *(.init4)
 .init4         0x0000015a       0x16 f:/01- embedded systems avr tools-20230304t182915z-001/01- embedded systems avr tools/01- imt sdk/imt_sdk_win_64/imt_sdk_win_64/winavr/bin/../lib/gcc/avr/4.3.3/avr5\libgcc.a(_copy_data.o)
                0x0000015a                __do_copy_data
 .init4         0x00000170       0x10 f:/01- embedded systems avr tools-20230304t182915z-001/01- embedded systems avr tools/01- imt sdk/imt_sdk_win_64/imt_sdk_win_64/winavr/bin/../lib/gcc/avr/4.3.3/avr5\libgcc.a(_clear_bss.o)
                0x00000170                __do_clear_bss
 *(.init4)
 *(.init5)
 *(.init5)
 *(.init6)
 *(.init6)
 *(.init7)
 *(.init7)
 *(.init8)
 *(.init8)
 *(.init9)
 .init9         0x00000180        0x8 f:/01- embedded systems avr tools-20230304t182915z-001/01- embedded systems avr tools/01- imt sdk/imt_sdk_win_64/imt_sdk_win_64/winavr/bin/../lib/gcc/avr/4.3.3/../../../../avr/lib/avr5/crtm32.o
 *(.init9)
 *(.text)
 .text          0x00000188        0x4 f:/01- embedded systems avr tools-20230304t182915z-001/01- embedded systems avr tools/01- imt sdk/imt_sdk_win_64/imt_sdk_win_64/winavr/bin/../lib/gcc/avr/4.3.3/../../../../avr/lib/avr5/crtm32.o
                0x00000188                __vector_1
                0x00000188                __vector_12
                0x00000188                __bad_interrupt
                0x00000188                __vector_6
                0x00000188                __vector_3
                0x00000188                __vector_13
                0x00000188                __vector_17
                0x00000188                __vector_19
                0x00000188                __vector_7
                0x00000188                __vector_5
                0x00000188                __vector_4
                0x00000188                __vector_9
                0x00000188                __vector_15
                0x00000188                __vector_8
                0x00000188                __vector_14
                0x00000188                __vector_16
                0x00000188                __vector_18
                0x00000188                __vector_20
 .text          0x0000018c        0x0 ./MCAL/Timers/Timer0/Timer0_program.o
 .text          0x0000018c        0x0 ./MCAL/Ext_INT/INT1/INT1_program.o
 .text          0x0000018c        0x0 ./MCAL/DIO/DIO_program.o
 .text          0x0000018c        0x0 ./HAL/Switch/Switch_program.o
 .text          0x0000018c        0x0 ./HAL/SevSeg_Driver/SevSeg_program.o
 .text          0x0000018c        0x0 ./HAL/Led_Driver/Led_Program.o
 .text          0x0000018c        0x0 ./HAL/LCD_Driver/LCD_program.o
 .text          0x0000018c        0x0 ./HAL/KeyPad_Driver/KeyPad_program.o
 .text          0x0000018c        0x0 ./APP/main.o
 .text          0x0000018c        0x0 f:/01- embedded systems avr tools-20230304t182915z-001/01- embedded systems avr tools/01- imt sdk/imt_sdk_win_64/imt_sdk_win_64/winavr/bin/../lib/gcc/avr/4.3.3/avr5\libgcc.a(_exit.o)
 .text          0x0000018c        0x0 f:/01- embedded systems avr tools-20230304t182915z-001/01- embedded systems avr tools/01- imt sdk/imt_sdk_win_64/imt_sdk_win_64/winavr/bin/../lib/gcc/avr/4.3.3/avr5\libgcc.a(_copy_data.o)
 .text          0x0000018c        0x0 f:/01- embedded systems avr tools-20230304t182915z-001/01- embedded systems avr tools/01- imt sdk/imt_sdk_win_64/imt_sdk_win_64/winavr/bin/../lib/gcc/avr/4.3.3/avr5\libgcc.a(_clear_bss.o)
 .text          0x0000018c       0x58 f:/01- embedded systems avr tools-20230304t182915z-001/01- embedded systems avr tools/01- imt sdk/imt_sdk_win_64/imt_sdk_win_64/winavr/bin/../lib/gcc/avr/4.3.3/avr5\libgcc.a(_fixunssfsi.o)
                0x0000018c                __fixunssfsi
 .text          0x000001e4      0x354 f:/01- embedded systems avr tools-20230304t182915z-001/01- embedded systems avr tools/01- imt sdk/imt_sdk_win_64/imt_sdk_win_64/winavr/bin/../lib/gcc/avr/4.3.3/avr5\libgcc.a(_addsub_sf.o)
                0x0000047c                __subsf3
                0x000004de                __addsf3
 .text          0x00000538      0x1f4 f:/01- embedded systems avr tools-20230304t182915z-001/01- embedded systems avr tools/01- imt sdk/imt_sdk_win_64/imt_sdk_win_64/winavr/bin/../lib/gcc/avr/4.3.3/avr5\libgcc.a(_mul_sf.o)
                0x00000538                __mulsf3
 .text          0x0000072c       0x60 f:/01- embedded systems avr tools-20230304t182915z-001/01- embedded systems avr tools/01- imt sdk/imt_sdk_win_64/imt_sdk_win_64/winavr/bin/../lib/gcc/avr/4.3.3/avr5\libgcc.a(_gt_sf.o)
                0x0000072c                __gtsf2
 .text          0x0000078c       0x60 f:/01- embedded systems avr tools-20230304t182915z-001/01- embedded systems avr tools/01- imt sdk/imt_sdk_win_64/imt_sdk_win_64/winavr/bin/../lib/gcc/avr/4.3.3/avr5\libgcc.a(_ge_sf.o)
                0x0000078c                __gesf2
 .text          0x000007ec       0x60 f:/01- embedded systems avr tools-20230304t182915z-001/01- embedded systems avr tools/01- imt sdk/imt_sdk_win_64/imt_sdk_win_64/winavr/bin/../lib/gcc/avr/4.3.3/avr5\libgcc.a(_lt_sf.o)
                0x000007ec                __ltsf2
 .text          0x0000084c       0xa8 f:/01- embedded systems avr tools-20230304t182915z-001/01- embedded systems avr tools/01- imt sdk/imt_sdk_win_64/imt_sdk_win_64/winavr/bin/../lib/gcc/avr/4.3.3/avr5\libgcc.a(_sf_to_si.o)
                0x0000084c                __fixsfsi
 .text          0x000008f4        0x0 f:/01- embedded systems avr tools-20230304t182915z-001/01- embedded systems avr tools/01- imt sdk/imt_sdk_win_64/imt_sdk_win_64/winavr/bin/../lib/gcc/avr/4.3.3/avr5\libgcc.a(_thenan_sf.o)
 .text          0x000008f4       0xf2 f:/01- embedded systems avr tools-20230304t182915z-001/01- embedded systems avr tools/01- imt sdk/imt_sdk_win_64/imt_sdk_win_64/winavr/bin/../lib/gcc/avr/4.3.3/avr5\libgcc.a(_usi_to_sf.o)
                0x000008f4                __floatunsisf
 .text          0x000009e6        0x0 f:/01- embedded systems avr tools-20230304t182915z-001/01- embedded systems avr tools/01- imt sdk/imt_sdk_win_64/imt_sdk_win_64/winavr/bin/../lib/gcc/avr/4.3.3/avr5\libgcc.a(_prologue.o)
 .text          0x000009e6        0x0 f:/01- embedded systems avr tools-20230304t182915z-001/01- embedded systems avr tools/01- imt sdk/imt_sdk_win_64/imt_sdk_win_64/winavr/bin/../lib/gcc/avr/4.3.3/avr5\libgcc.a(_epilogue.o)
 .text          0x000009e6       0x9e f:/01- embedded systems avr tools-20230304t182915z-001/01- embedded systems avr tools/01- imt sdk/imt_sdk_win_64/imt_sdk_win_64/winavr/bin/../lib/gcc/avr/4.3.3/avr5\libgcc.a(_clzsi2.o)
                0x000009e6                __clzsi2
 .text          0x00000a84      0x1aa f:/01- embedded systems avr tools-20230304t182915z-001/01- embedded systems avr tools/01- imt sdk/imt_sdk_win_64/imt_sdk_win_64/winavr/bin/../lib/gcc/avr/4.3.3/avr5\libgcc.a(_pack_sf.o)
                0x00000a84                __pack_f
 .text          0x00000c2e       0xf0 f:/01- embedded systems avr tools-20230304t182915z-001/01- embedded systems avr tools/01- imt sdk/imt_sdk_win_64/imt_sdk_win_64/winavr/bin/../lib/gcc/avr/4.3.3/avr5\libgcc.a(_unpack_sf.o)
                0x00000c2e                __unpack_f
 .text          0x00000d1e       0xb2 f:/01- embedded systems avr tools-20230304t182915z-001/01- embedded systems avr tools/01- imt sdk/imt_sdk_win_64/imt_sdk_win_64/winavr/bin/../lib/gcc/avr/4.3.3/avr5\libgcc.a(_fpcmp_parts_sf.o)
                0x00000d1e                __fpcmp_parts_f
 .text          0x00000dd0        0x0 f:/01- embedded systems avr tools-20230304t182915z-001/01- embedded systems avr tools/01- imt sdk/imt_sdk_win_64/imt_sdk_win_64/winavr/bin/../lib/gcc/avr/4.3.3/avr5\libgcc.a(_clz.o)
 .text          0x00000dd0        0x0 f:/01- embedded systems avr tools-20230304t182915z-001/01- embedded systems avr tools/01- imt sdk/imt_sdk_win_64/imt_sdk_win_64/winavr/bin/../lib/gcc/avr/4.3.3/../../../../avr/lib/avr5\libc.a(dtostrf.o)
 .text          0x00000dd0        0x0 f:/01- embedded systems avr tools-20230304t182915z-001/01- embedded systems avr tools/01- imt sdk/imt_sdk_win_64/imt_sdk_win_64/winavr/bin/../lib/gcc/avr/4.3.3/../../../../avr/lib/avr5\libc.a(dtoa_prf.o)
 .text          0x00000dd0        0x0 f:/01- embedded systems avr tools-20230304t182915z-001/01- embedded systems avr tools/01- imt sdk/imt_sdk_win_64/imt_sdk_win_64/winavr/bin/../lib/gcc/avr/4.3.3/../../../../avr/lib/avr5\libc.a(ftoa_engine.o)
                0x00000dd0                . = ALIGN (0x2)
 *(.text.*)
 .text.TIMER0_voidInit
                0x00000dd0       0x64 ./MCAL/Timers/Timer0/Timer0_program.o
                0x00000dd0                TIMER0_voidInit
 .text.TIMER11_voidSetCallBackfn
                0x00000e34       0x24 ./MCAL/Timers/Timer0/Timer0_program.o
                0x00000e34                TIMER11_voidSetCallBackfn
 .text.__vector_11
                0x00000e58       0x66 ./MCAL/Timers/Timer0/Timer0_program.o
                0x00000e58                __vector_11
 .text.__vector_10
                0x00000ebe       0x66 ./MCAL/Timers/Timer0/Timer0_program.o
                0x00000ebe                __vector_10
 .text.TIMER10_voidSetCallBackfn
                0x00000f24       0x24 ./MCAL/Timers/Timer0/Timer0_program.o
                0x00000f24                TIMER10_voidSetCallBackfn
 .text.INT1_voidInit
                0x00000f48       0xbe ./MCAL/Ext_INT/INT1/INT1_program.o
                0x00000f48                INT1_voidInit
 .text.INT1_voidSetCallBackfn
                0x00001006       0x24 ./MCAL/Ext_INT/INT1/INT1_program.o
                0x00001006                INT1_voidSetCallBackfn
 .text.__vector_2
                0x0000102a       0x66 ./MCAL/Ext_INT/INT1/INT1_program.o
                0x0000102a                __vector_2
 .text.DIO_ErrStateSetPinDirection
                0x00001090      0x226 ./MCAL/DIO/DIO_program.o
                0x00001090                DIO_ErrStateSetPinDirection
 .text.DIO_ErrStateSetGroupDirection
                0x000012b6       0x92 ./MCAL/DIO/DIO_program.o
                0x000012b6                DIO_ErrStateSetGroupDirection
 .text.DIO_ErrStateSetPinValue
                0x00001348      0x226 ./MCAL/DIO/DIO_program.o
                0x00001348                DIO_ErrStateSetPinValue
 .text.DIO_ErrStateSetGroupValue
                0x0000156e       0x92 ./MCAL/DIO/DIO_program.o
                0x0000156e                DIO_ErrStateSetGroupValue
 .text.DIO_ErrStateReadPinValue
                0x00001600      0x128 ./MCAL/DIO/DIO_program.o
                0x00001600                DIO_ErrStateReadPinValue
 .text.DIO_ErrStateReadGroupValue
                0x00001728       0xb6 ./MCAL/DIO/DIO_program.o
                0x00001728                DIO_ErrStateReadGroupValue
 .text.SevSeg_SevErrStateSetNumber
                0x000017de       0xe0 ./HAL/SevSeg_Driver/SevSeg_program.o
                0x000017de                SevSeg_SevErrStateSetNumber
 .text.SevSeg_SevErrStateDisplayRange
                0x000018be       0x3e ./HAL/SevSeg_Driver/SevSeg_program.o
                0x000018be                SevSeg_SevErrStateDisplayRange
 .text.SevSeg_SevErrStateDisplayMax
                0x000018fc       0x28 ./HAL/SevSeg_Driver/SevSeg_program.o
                0x000018fc                SevSeg_SevErrStateDisplayMax
 .text.Led_LedErrStateTurnOn
                0x00001924       0xb0 ./HAL/Led_Driver/Led_Program.o
                0x00001924                Led_LedErrStateTurnOn
 .text.Led_LedErrStateTurnOff
                0x000019d4       0xb0 ./HAL/Led_Driver/Led_Program.o
                0x000019d4                Led_LedErrStateTurnOff
 .text.Lcd_VoidSendCommand
                0x00001a84      0x250 ./HAL/LCD_Driver/LCD_program.o
                0x00001a84                Lcd_VoidSendCommand
 .text.Lcd_VoidSendChar
                0x00001cd4      0x250 ./HAL/LCD_Driver/LCD_program.o
                0x00001cd4                Lcd_VoidSendChar
 .text.Lcd_VoidInit
                0x00001f24      0x426 ./HAL/LCD_Driver/LCD_program.o
                0x00001f24                Lcd_VoidInit
 .text.Lcd_VoidSendString
                0x0000234a       0x62 ./HAL/LCD_Driver/LCD_program.o
                0x0000234a                Lcd_VoidSendString
 .text.Lcd_VoidGoXY
                0x000023ac       0x5c ./HAL/LCD_Driver/LCD_program.o
                0x000023ac                Lcd_VoidGoXY
 .text.Lcd_VoidSendNumber
                0x00002408       0x6a ./HAL/LCD_Driver/LCD_program.o
                0x00002408                Lcd_VoidSendNumber
 .text.Lcd_VoidStoreSpecialCharacter
                0x00002472       0xe0 ./HAL/LCD_Driver/LCD_program.o
                0x00002472                Lcd_VoidStoreSpecialCharacter
 .text.Lcd_DisplaySpecialCharacter
                0x00002552       0x3c ./HAL/LCD_Driver/LCD_program.o
                0x00002552                Lcd_DisplaySpecialCharacter
 .text.KeyPad_VoidInit
                0x0000258e      0x158 ./HAL/KeyPad_Driver/KeyPad_program.o
                0x0000258e                KeyPad_VoidInit
 .text.KeyPad_U8SwitchPressed
                0x000026e6      0x1fa ./HAL/KeyPad_Driver/KeyPad_program.o
                0x000026e6                KeyPad_U8SwitchPressed
 .text.SPI_voidInit
                0x000028e0       0x6e ./APP/main.o
                0x000028e0                SPI_voidInit
 .text.SPI_u8SendReceive
                0x0000294e       0x2c ./APP/main.o
                0x0000294e                SPI_u8SendReceive
 .text.main     0x0000297a      0x11a ./APP/main.o
                0x0000297a                main
 .text.libgcc   0x00002a94        0x0 f:/01- embedded systems avr tools-20230304t182915z-001/01- embedded systems avr tools/01- imt sdk/imt_sdk_win_64/imt_sdk_win_64/winavr/bin/../lib/gcc/avr/4.3.3/avr5\libgcc.a(_exit.o)
 .text.libgcc   0x00002a94        0x0 f:/01- embedded systems avr tools-20230304t182915z-001/01- embedded systems avr tools/01- imt sdk/imt_sdk_win_64/imt_sdk_win_64/winavr/bin/../lib/gcc/avr/4.3.3/avr5\libgcc.a(_copy_data.o)
 .text.libgcc   0x00002a94        0x0 f:/01- embedded systems avr tools-20230304t182915z-001/01- embedded systems avr tools/01- imt sdk/imt_sdk_win_64/imt_sdk_win_64/winavr/bin/../lib/gcc/avr/4.3.3/avr5\libgcc.a(_clear_bss.o)
 .text.libgcc   0x00002a94       0x38 f:/01- embedded systems avr tools-20230304t182915z-001/01- embedded systems avr tools/01- imt sdk/imt_sdk_win_64/imt_sdk_win_64/winavr/bin/../lib/gcc/avr/4.3.3/avr5\libgcc.a(_prologue.o)
                0x00002a94                __prologue_saves__
 .text.libgcc   0x00002acc       0x36 f:/01- embedded systems avr tools-20230304t182915z-001/01- embedded systems avr tools/01- imt sdk/imt_sdk_win_64/imt_sdk_win_64/winavr/bin/../lib/gcc/avr/4.3.3/avr5\libgcc.a(_epilogue.o)
                0x00002acc                __epilogue_restores__
 .text.avr-libc
                0x00002b02       0x42 f:/01- embedded systems avr tools-20230304t182915z-001/01- embedded systems avr tools/01- imt sdk/imt_sdk_win_64/imt_sdk_win_64/winavr/bin/../lib/gcc/avr/4.3.3/../../../../avr/lib/avr5\libc.a(dtostrf.o)
                0x00002b02                dtostrf
 .text.avr-libc
                0x00002b44      0x2c4 f:/01- embedded systems avr tools-20230304t182915z-001/01- embedded systems avr tools/01- imt sdk/imt_sdk_win_64/imt_sdk_win_64/winavr/bin/../lib/gcc/avr/4.3.3/../../../../avr/lib/avr5\libc.a(dtoa_prf.o)
                0x00002b44                dtoa_prf
 .text.avr-libc
                0x00002e08      0x1b0 f:/01- embedded systems avr tools-20230304t182915z-001/01- embedded systems avr tools/01- imt sdk/imt_sdk_win_64/imt_sdk_win_64/winavr/bin/../lib/gcc/avr/4.3.3/../../../../avr/lib/avr5\libc.a(ftoa_engine.o)
                0x00002e08                __ftoa_engine
                0x00002fb8                . = ALIGN (0x2)
 *(.fini9)
 .fini9         0x00002fb8        0x0 f:/01- embedded systems avr tools-20230304t182915z-001/01- embedded systems avr tools/01- imt sdk/imt_sdk_win_64/imt_sdk_win_64/winavr/bin/../lib/gcc/avr/4.3.3/avr5\libgcc.a(_exit.o)
                0x00002fb8                exit
                0x00002fb8                _exit
 *(.fini9)
 *(.fini8)
 *(.fini8)
 *(.fini7)
 *(.fini7)
 *(.fini6)
 *(.fini6)
 *(.fini5)
 *(.fini5)
 *(.fini4)
 *(.fini4)
 *(.fini3)
 *(.fini3)
 *(.fini2)
 *(.fini2)
 *(.fini1)
 *(.fini1)
 *(.fini0)
 .fini0         0x00002fb8        0x4 f:/01- embedded systems avr tools-20230304t182915z-001/01- embedded systems avr tools/01- imt sdk/imt_sdk_win_64/imt_sdk_win_64/winavr/bin/../lib/gcc/avr/4.3.3/avr5\libgcc.a(_exit.o)
 *(.fini0)
                0x00002fbc                _etext = .

.data           0x00800060      0x134 load address 0x00002fbc
                0x00800060                PROVIDE (__data_start, .)
 *(.data)
 .data          0x00800060        0x0 f:/01- embedded systems avr tools-20230304t182915z-001/01- embedded systems avr tools/01- imt sdk/imt_sdk_win_64/imt_sdk_win_64/winavr/bin/../lib/gcc/avr/4.3.3/../../../../avr/lib/avr5/crtm32.o
 .data          0x00800060        0x0 ./MCAL/Timers/Timer0/Timer0_program.o
 .data          0x00800060        0x0 ./MCAL/Ext_INT/INT1/INT1_program.o
 .data          0x00800060        0x0 ./MCAL/DIO/DIO_program.o
 .data          0x00800060        0x0 ./HAL/Switch/Switch_program.o
 .data          0x00800060        0x0 ./HAL/SevSeg_Driver/SevSeg_program.o
 .data          0x00800060        0x0 ./HAL/Led_Driver/Led_Program.o
 .data          0x00800060        0x0 ./HAL/LCD_Driver/LCD_program.o
 .data          0x00800060        0x0 ./HAL/KeyPad_Driver/KeyPad_program.o
 .data          0x00800060        0x0 ./APP/main.o
 .data          0x00800060        0x0 f:/01- embedded systems avr tools-20230304t182915z-001/01- embedded systems avr tools/01- imt sdk/imt_sdk_win_64/imt_sdk_win_64/winavr/bin/../lib/gcc/avr/4.3.3/avr5\libgcc.a(_exit.o)
 .data          0x00800060        0x0 f:/01- embedded systems avr tools-20230304t182915z-001/01- embedded systems avr tools/01- imt sdk/imt_sdk_win_64/imt_sdk_win_64/winavr/bin/../lib/gcc/avr/4.3.3/avr5\libgcc.a(_copy_data.o)
 .data          0x00800060        0x0 f:/01- embedded systems avr tools-20230304t182915z-001/01- embedded systems avr tools/01- imt sdk/imt_sdk_win_64/imt_sdk_win_64/winavr/bin/../lib/gcc/avr/4.3.3/avr5\libgcc.a(_clear_bss.o)
 .data          0x00800060        0x0 f:/01- embedded systems avr tools-20230304t182915z-001/01- embedded systems avr tools/01- imt sdk/imt_sdk_win_64/imt_sdk_win_64/winavr/bin/../lib/gcc/avr/4.3.3/avr5\libgcc.a(_fixunssfsi.o)
 .data          0x00800060        0x0 f:/01- embedded systems avr tools-20230304t182915z-001/01- embedded systems avr tools/01- imt sdk/imt_sdk_win_64/imt_sdk_win_64/winavr/bin/../lib/gcc/avr/4.3.3/avr5\libgcc.a(_addsub_sf.o)
 .data          0x00800060        0x0 f:/01- embedded systems avr tools-20230304t182915z-001/01- embedded systems avr tools/01- imt sdk/imt_sdk_win_64/imt_sdk_win_64/winavr/bin/../lib/gcc/avr/4.3.3/avr5\libgcc.a(_mul_sf.o)
 .data          0x00800060        0x0 f:/01- embedded systems avr tools-20230304t182915z-001/01- embedded systems avr tools/01- imt sdk/imt_sdk_win_64/imt_sdk_win_64/winavr/bin/../lib/gcc/avr/4.3.3/avr5\libgcc.a(_gt_sf.o)
 .data          0x00800060        0x0 f:/01- embedded systems avr tools-20230304t182915z-001/01- embedded systems avr tools/01- imt sdk/imt_sdk_win_64/imt_sdk_win_64/winavr/bin/../lib/gcc/avr/4.3.3/avr5\libgcc.a(_ge_sf.o)
 .data          0x00800060        0x0 f:/01- embedded systems avr tools-20230304t182915z-001/01- embedded systems avr tools/01- imt sdk/imt_sdk_win_64/imt_sdk_win_64/winavr/bin/../lib/gcc/avr/4.3.3/avr5\libgcc.a(_lt_sf.o)
 .data          0x00800060        0x0 f:/01- embedded systems avr tools-20230304t182915z-001/01- embedded systems avr tools/01- imt sdk/imt_sdk_win_64/imt_sdk_win_64/winavr/bin/../lib/gcc/avr/4.3.3/avr5\libgcc.a(_sf_to_si.o)
 .data          0x00800060        0x8 f:/01- embedded systems avr tools-20230304t182915z-001/01- embedded systems avr tools/01- imt sdk/imt_sdk_win_64/imt_sdk_win_64/winavr/bin/../lib/gcc/avr/4.3.3/avr5\libgcc.a(_thenan_sf.o)
                0x00800060                __thenan_sf
 .data          0x00800068        0x0 f:/01- embedded systems avr tools-20230304t182915z-001/01- embedded systems avr tools/01- imt sdk/imt_sdk_win_64/imt_sdk_win_64/winavr/bin/../lib/gcc/avr/4.3.3/avr5\libgcc.a(_usi_to_sf.o)
 .data          0x00800068        0x0 f:/01- embedded systems avr tools-20230304t182915z-001/01- embedded systems avr tools/01- imt sdk/imt_sdk_win_64/imt_sdk_win_64/winavr/bin/../lib/gcc/avr/4.3.3/avr5\libgcc.a(_prologue.o)
 .data          0x00800068        0x0 f:/01- embedded systems avr tools-20230304t182915z-001/01- embedded systems avr tools/01- imt sdk/imt_sdk_win_64/imt_sdk_win_64/winavr/bin/../lib/gcc/avr/4.3.3/avr5\libgcc.a(_epilogue.o)
 .data          0x00800068        0x0 f:/01- embedded systems avr tools-20230304t182915z-001/01- embedded systems avr tools/01- imt sdk/imt_sdk_win_64/imt_sdk_win_64/winavr/bin/../lib/gcc/avr/4.3.3/avr5\libgcc.a(_clzsi2.o)
 .data          0x00800068        0x0 f:/01- embedded systems avr tools-20230304t182915z-001/01- embedded systems avr tools/01- imt sdk/imt_sdk_win_64/imt_sdk_win_64/winavr/bin/../lib/gcc/avr/4.3.3/avr5\libgcc.a(_pack_sf.o)
 .data          0x00800068        0x0 f:/01- embedded systems avr tools-20230304t182915z-001/01- embedded systems avr tools/01- imt sdk/imt_sdk_win_64/imt_sdk_win_64/winavr/bin/../lib/gcc/avr/4.3.3/avr5\libgcc.a(_unpack_sf.o)
 .data          0x00800068        0x0 f:/01- embedded systems avr tools-20230304t182915z-001/01- embedded systems avr tools/01- imt sdk/imt_sdk_win_64/imt_sdk_win_64/winavr/bin/../lib/gcc/avr/4.3.3/avr5\libgcc.a(_fpcmp_parts_sf.o)
 .data          0x00800068      0x100 f:/01- embedded systems avr tools-20230304t182915z-001/01- embedded systems avr tools/01- imt sdk/imt_sdk_win_64/imt_sdk_win_64/winavr/bin/../lib/gcc/avr/4.3.3/avr5\libgcc.a(_clz.o)
                0x00800068                __clz_tab
 .data          0x00800168        0x0 f:/01- embedded systems avr tools-20230304t182915z-001/01- embedded systems avr tools/01- imt sdk/imt_sdk_win_64/imt_sdk_win_64/winavr/bin/../lib/gcc/avr/4.3.3/../../../../avr/lib/avr5\libc.a(dtostrf.o)
 .data          0x00800168        0x0 f:/01- embedded systems avr tools-20230304t182915z-001/01- embedded systems avr tools/01- imt sdk/imt_sdk_win_64/imt_sdk_win_64/winavr/bin/../lib/gcc/avr/4.3.3/../../../../avr/lib/avr5\libc.a(dtoa_prf.o)
 .data          0x00800168        0x0 f:/01- embedded systems avr tools-20230304t182915z-001/01- embedded systems avr tools/01- imt sdk/imt_sdk_win_64/imt_sdk_win_64/winavr/bin/../lib/gcc/avr/4.3.3/../../../../avr/lib/avr5\libc.a(ftoa_engine.o)
 *(.data*)
 .data.SevSeg_Arr_CC
                0x00800168        0xa ./HAL/SevSeg_Driver/SevSeg_program.o
                0x00800168                SevSeg_Arr_CC
 .data.SevSeg_Arr_CA
                0x00800172        0xa ./HAL/SevSeg_Driver/SevSeg_program.o
                0x00800172                SevSeg_Arr_CA
 .data.KeyPad_Values
                0x0080017c       0x10 ./HAL/KeyPad_Driver/KeyPad_program.o
                0x0080017c                KeyPad_Values
 .data.lcd1     0x0080018c        0x7 ./APP/main.o
                0x0080018c                lcd1
 *(.rodata)
 *(.rodata*)
 *(.gnu.linkonce.d*)
                0x00800194                . = ALIGN (0x2)
 *fill*         0x00800193        0x1 00
                0x00800194                _edata = .
                0x00800194                PROVIDE (__data_end, .)

.bss            0x00800194        0x7
                0x00800194                PROVIDE (__bss_start, .)
 *(.bss)
 .bss           0x00800194        0x0 f:/01- embedded systems avr tools-20230304t182915z-001/01- embedded systems avr tools/01- imt sdk/imt_sdk_win_64/imt_sdk_win_64/winavr/bin/../lib/gcc/avr/4.3.3/../../../../avr/lib/avr5/crtm32.o
 .bss           0x00800194        0x0 ./MCAL/Timers/Timer0/Timer0_program.o
 .bss           0x00800194        0x0 ./MCAL/Ext_INT/INT1/INT1_program.o
 .bss           0x00800194        0x0 ./MCAL/DIO/DIO_program.o
 .bss           0x00800194        0x0 ./HAL/Switch/Switch_program.o
 .bss           0x00800194        0x0 ./HAL/SevSeg_Driver/SevSeg_program.o
 .bss           0x00800194        0x0 ./HAL/Led_Driver/Led_Program.o
 .bss           0x00800194        0x0 ./HAL/LCD_Driver/LCD_program.o
 .bss           0x00800194        0x0 ./HAL/KeyPad_Driver/KeyPad_program.o
 .bss           0x00800194        0x0 ./APP/main.o
 .bss           0x00800194        0x0 f:/01- embedded systems avr tools-20230304t182915z-001/01- embedded systems avr tools/01- imt sdk/imt_sdk_win_64/imt_sdk_win_64/winavr/bin/../lib/gcc/avr/4.3.3/avr5\libgcc.a(_exit.o)
 .bss           0x00800194        0x0 f:/01- embedded systems avr tools-20230304t182915z-001/01- embedded systems avr tools/01- imt sdk/imt_sdk_win_64/imt_sdk_win_64/winavr/bin/../lib/gcc/avr/4.3.3/avr5\libgcc.a(_copy_data.o)
 .bss           0x00800194        0x0 f:/01- embedded systems avr tools-20230304t182915z-001/01- embedded systems avr tools/01- imt sdk/imt_sdk_win_64/imt_sdk_win_64/winavr/bin/../lib/gcc/avr/4.3.3/avr5\libgcc.a(_clear_bss.o)
 .bss           0x00800194        0x0 f:/01- embedded systems avr tools-20230304t182915z-001/01- embedded systems avr tools/01- imt sdk/imt_sdk_win_64/imt_sdk_win_64/winavr/bin/../lib/gcc/avr/4.3.3/avr5\libgcc.a(_fixunssfsi.o)
 .bss           0x00800194        0x0 f:/01- embedded systems avr tools-20230304t182915z-001/01- embedded systems avr tools/01- imt sdk/imt_sdk_win_64/imt_sdk_win_64/winavr/bin/../lib/gcc/avr/4.3.3/avr5\libgcc.a(_addsub_sf.o)
 .bss           0x00800194        0x0 f:/01- embedded systems avr tools-20230304t182915z-001/01- embedded systems avr tools/01- imt sdk/imt_sdk_win_64/imt_sdk_win_64/winavr/bin/../lib/gcc/avr/4.3.3/avr5\libgcc.a(_mul_sf.o)
 .bss           0x00800194        0x0 f:/01- embedded systems avr tools-20230304t182915z-001/01- embedded systems avr tools/01- imt sdk/imt_sdk_win_64/imt_sdk_win_64/winavr/bin/../lib/gcc/avr/4.3.3/avr5\libgcc.a(_gt_sf.o)
 .bss           0x00800194        0x0 f:/01- embedded systems avr tools-20230304t182915z-001/01- embedded systems avr tools/01- imt sdk/imt_sdk_win_64/imt_sdk_win_64/winavr/bin/../lib/gcc/avr/4.3.3/avr5\libgcc.a(_ge_sf.o)
 .bss           0x00800194        0x0 f:/01- embedded systems avr tools-20230304t182915z-001/01- embedded systems avr tools/01- imt sdk/imt_sdk_win_64/imt_sdk_win_64/winavr/bin/../lib/gcc/avr/4.3.3/avr5\libgcc.a(_lt_sf.o)
 .bss           0x00800194        0x0 f:/01- embedded systems avr tools-20230304t182915z-001/01- embedded systems avr tools/01- imt sdk/imt_sdk_win_64/imt_sdk_win_64/winavr/bin/../lib/gcc/avr/4.3.3/avr5\libgcc.a(_sf_to_si.o)
 .bss           0x00800194        0x0 f:/01- embedded systems avr tools-20230304t182915z-001/01- embedded systems avr tools/01- imt sdk/imt_sdk_win_64/imt_sdk_win_64/winavr/bin/../lib/gcc/avr/4.3.3/avr5\libgcc.a(_thenan_sf.o)
 .bss           0x00800194        0x0 f:/01- embedded systems avr tools-20230304t182915z-001/01- embedded systems avr tools/01- imt sdk/imt_sdk_win_64/imt_sdk_win_64/winavr/bin/../lib/gcc/avr/4.3.3/avr5\libgcc.a(_usi_to_sf.o)
 .bss           0x00800194        0x0 f:/01- embedded systems avr tools-20230304t182915z-001/01- embedded systems avr tools/01- imt sdk/imt_sdk_win_64/imt_sdk_win_64/winavr/bin/../lib/gcc/avr/4.3.3/avr5\libgcc.a(_prologue.o)
 .bss           0x00800194        0x0 f:/01- embedded systems avr tools-20230304t182915z-001/01- embedded systems avr tools/01- imt sdk/imt_sdk_win_64/imt_sdk_win_64/winavr/bin/../lib/gcc/avr/4.3.3/avr5\libgcc.a(_epilogue.o)
 .bss           0x00800194        0x0 f:/01- embedded systems avr tools-20230304t182915z-001/01- embedded systems avr tools/01- imt sdk/imt_sdk_win_64/imt_sdk_win_64/winavr/bin/../lib/gcc/avr/4.3.3/avr5\libgcc.a(_clzsi2.o)
 .bss           0x00800194        0x0 f:/01- embedded systems avr tools-20230304t182915z-001/01- embedded systems avr tools/01- imt sdk/imt_sdk_win_64/imt_sdk_win_64/winavr/bin/../lib/gcc/avr/4.3.3/avr5\libgcc.a(_pack_sf.o)
 .bss           0x00800194        0x0 f:/01- embedded systems avr tools-20230304t182915z-001/01- embedded systems avr tools/01- imt sdk/imt_sdk_win_64/imt_sdk_win_64/winavr/bin/../lib/gcc/avr/4.3.3/avr5\libgcc.a(_unpack_sf.o)
 .bss           0x00800194        0x0 f:/01- embedded systems avr tools-20230304t182915z-001/01- embedded systems avr tools/01- imt sdk/imt_sdk_win_64/imt_sdk_win_64/winavr/bin/../lib/gcc/avr/4.3.3/avr5\libgcc.a(_fpcmp_parts_sf.o)
 .bss           0x00800194        0x0 f:/01- embedded systems avr tools-20230304t182915z-001/01- embedded systems avr tools/01- imt sdk/imt_sdk_win_64/imt_sdk_win_64/winavr/bin/../lib/gcc/avr/4.3.3/avr5\libgcc.a(_clz.o)
 .bss           0x00800194        0x0 f:/01- embedded systems avr tools-20230304t182915z-001/01- embedded systems avr tools/01- imt sdk/imt_sdk_win_64/imt_sdk_win_64/winavr/bin/../lib/gcc/avr/4.3.3/../../../../avr/lib/avr5\libc.a(dtostrf.o)
 .bss           0x00800194        0x0 f:/01- embedded systems avr tools-20230304t182915z-001/01- embedded systems avr tools/01- imt sdk/imt_sdk_win_64/imt_sdk_win_64/winavr/bin/../lib/gcc/avr/4.3.3/../../../../avr/lib/avr5\libc.a(dtoa_prf.o)
 .bss           0x00800194        0x0 f:/01- embedded systems avr tools-20230304t182915z-001/01- embedded systems avr tools/01- imt sdk/imt_sdk_win_64/imt_sdk_win_64/winavr/bin/../lib/gcc/avr/4.3.3/../../../../avr/lib/avr5\libc.a(ftoa_engine.o)
 *(.bss*)
 .bss.Timer0_ptr_fn
                0x00800194        0x2 ./MCAL/Timers/Timer0/Timer0_program.o
                0x00800194                Timer0_ptr_fn
 .bss.Timer0_CM_ptr_fn
                0x00800196        0x2 ./MCAL/Timers/Timer0/Timer0_program.o
                0x00800196                Timer0_CM_ptr_fn
 .bss.ptr_fn    0x00800198        0x2 ./MCAL/Ext_INT/INT1/INT1_program.o
                0x00800198                ptr_fn
 .bss.Switch.1368
                0x0080019a        0x1 ./HAL/KeyPad_Driver/KeyPad_program.o
 *(COMMON)
                0x0080019b                PROVIDE (__bss_end, .)
                0x00002fbc                __data_load_start = LOADADDR (.data)
                0x000030f0                __data_load_end = (__data_load_start + SIZEOF (.data))

.noinit         0x0080019b        0x0
                0x0080019b                PROVIDE (__noinit_start, .)
 *(.noinit*)
                0x0080019b                PROVIDE (__noinit_end, .)
                0x0080019b                _end = .
                0x0080019b                PROVIDE (__heap_start, .)

.eeprom         0x00810000        0x0
 *(.eeprom*)
                0x00810000                __eeprom_end = .

.fuse
 *(.fuse)
 *(.lfuse)
 *(.hfuse)
 *(.efuse)

.lock
 *(.lock*)

.signature
 *(.signature*)

.stab           0x00000000     0x3294
 *(.stab)
 .stab          0x00000000      0x45c ./MCAL/Timers/Timer0/Timer0_program.o
 .stab          0x0000045c      0x354 ./MCAL/Ext_INT/INT1/INT1_program.o
                                0x360 (size before relaxing)
 .stab          0x000007b0      0x69c ./MCAL/DIO/DIO_program.o
                                0x6a8 (size before relaxing)
 .stab          0x00000e4c       0xd8 ./HAL/Switch/Switch_program.o
                                 0xe4 (size before relaxing)
 .stab          0x00000f24      0x3e4 ./HAL/SevSeg_Driver/SevSeg_program.o
                                0x3f0 (size before relaxing)
 .stab          0x00001308      0x4d4 ./HAL/Led_Driver/Led_Program.o
                                0x4e0 (size before relaxing)
 .stab          0x000017dc      0xf00 ./HAL/LCD_Driver/LCD_program.o
                                0xf0c (size before relaxing)
 .stab          0x000026dc      0x594 ./HAL/KeyPad_Driver/KeyPad_program.o
                                0x72c (size before relaxing)
 .stab          0x00002c70      0x624 ./APP/main.o
                                0x7bc (size before relaxing)

.stabstr        0x00000000     0x2df3
 *(.stabstr)
 .stabstr       0x00000000     0x2df3 ./MCAL/Timers/Timer0/Timer0_program.o

.stab.excl
 *(.stab.excl)

.stab.exclstr
 *(.stab.exclstr)

.stab.index
 *(.stab.index)

.stab.indexstr
 *(.stab.indexstr)

.comment
 *(.comment)

.debug
 *(.debug)

.line
 *(.line)

.debug_srcinfo
 *(.debug_srcinfo)

.debug_sfnames
 *(.debug_sfnames)

.debug_aranges  0x00000000      0x180
 *(.debug_aranges)
 .debug_aranges
                0x00000000       0x20 f:/01- embedded systems avr tools-20230304t182915z-001/01- embedded systems avr tools/01- imt sdk/imt_sdk_win_64/imt_sdk_win_64/winavr/bin/../lib/gcc/avr/4.3.3/avr5\libgcc.a(_fixunssfsi.o)
 .debug_aranges
                0x00000020       0x20 f:/01- embedded systems avr tools-20230304t182915z-001/01- embedded systems avr tools/01- imt sdk/imt_sdk_win_64/imt_sdk_win_64/winavr/bin/../lib/gcc/avr/4.3.3/avr5\libgcc.a(_addsub_sf.o)
 .debug_aranges
                0x00000040       0x20 f:/01- embedded systems avr tools-20230304t182915z-001/01- embedded systems avr tools/01- imt sdk/imt_sdk_win_64/imt_sdk_win_64/winavr/bin/../lib/gcc/avr/4.3.3/avr5\libgcc.a(_mul_sf.o)
 .debug_aranges
                0x00000060       0x20 f:/01- embedded systems avr tools-20230304t182915z-001/01- embedded systems avr tools/01- imt sdk/imt_sdk_win_64/imt_sdk_win_64/winavr/bin/../lib/gcc/avr/4.3.3/avr5\libgcc.a(_gt_sf.o)
 .debug_aranges
                0x00000080       0x20 f:/01- embedded systems avr tools-20230304t182915z-001/01- embedded systems avr tools/01- imt sdk/imt_sdk_win_64/imt_sdk_win_64/winavr/bin/../lib/gcc/avr/4.3.3/avr5\libgcc.a(_ge_sf.o)
 .debug_aranges
                0x000000a0       0x20 f:/01- embedded systems avr tools-20230304t182915z-001/01- embedded systems avr tools/01- imt sdk/imt_sdk_win_64/imt_sdk_win_64/winavr/bin/../lib/gcc/avr/4.3.3/avr5\libgcc.a(_lt_sf.o)
 .debug_aranges
                0x000000c0       0x20 f:/01- embedded systems avr tools-20230304t182915z-001/01- embedded systems avr tools/01- imt sdk/imt_sdk_win_64/imt_sdk_win_64/winavr/bin/../lib/gcc/avr/4.3.3/avr5\libgcc.a(_sf_to_si.o)
 .debug_aranges
                0x000000e0       0x20 f:/01- embedded systems avr tools-20230304t182915z-001/01- embedded systems avr tools/01- imt sdk/imt_sdk_win_64/imt_sdk_win_64/winavr/bin/../lib/gcc/avr/4.3.3/avr5\libgcc.a(_usi_to_sf.o)
 .debug_aranges
                0x00000100       0x20 f:/01- embedded systems avr tools-20230304t182915z-001/01- embedded systems avr tools/01- imt sdk/imt_sdk_win_64/imt_sdk_win_64/winavr/bin/../lib/gcc/avr/4.3.3/avr5\libgcc.a(_clzsi2.o)
 .debug_aranges
                0x00000120       0x20 f:/01- embedded systems avr tools-20230304t182915z-001/01- embedded systems avr tools/01- imt sdk/imt_sdk_win_64/imt_sdk_win_64/winavr/bin/../lib/gcc/avr/4.3.3/avr5\libgcc.a(_pack_sf.o)
 .debug_aranges
                0x00000140       0x20 f:/01- embedded systems avr tools-20230304t182915z-001/01- embedded systems avr tools/01- imt sdk/imt_sdk_win_64/imt_sdk_win_64/winavr/bin/../lib/gcc/avr/4.3.3/avr5\libgcc.a(_unpack_sf.o)
 .debug_aranges
                0x00000160       0x20 f:/01- embedded systems avr tools-20230304t182915z-001/01- embedded systems avr tools/01- imt sdk/imt_sdk_win_64/imt_sdk_win_64/winavr/bin/../lib/gcc/avr/4.3.3/avr5\libgcc.a(_fpcmp_parts_sf.o)

.debug_pubnames
                0x00000000      0x1d3
 *(.debug_pubnames)
 .debug_pubnames
                0x00000000       0x23 f:/01- embedded systems avr tools-20230304t182915z-001/01- embedded systems avr tools/01- imt sdk/imt_sdk_win_64/imt_sdk_win_64/winavr/bin/../lib/gcc/avr/4.3.3/avr5\libgcc.a(_fixunssfsi.o)
 .debug_pubnames
                0x00000023       0x2c f:/01- embedded systems avr tools-20230304t182915z-001/01- embedded systems avr tools/01- imt sdk/imt_sdk_win_64/imt_sdk_win_64/winavr/bin/../lib/gcc/avr/4.3.3/avr5\libgcc.a(_addsub_sf.o)
 .debug_pubnames
                0x0000004f       0x1f f:/01- embedded systems avr tools-20230304t182915z-001/01- embedded systems avr tools/01- imt sdk/imt_sdk_win_64/imt_sdk_win_64/winavr/bin/../lib/gcc/avr/4.3.3/avr5\libgcc.a(_mul_sf.o)
 .debug_pubnames
                0x0000006e       0x1e f:/01- embedded systems avr tools-20230304t182915z-001/01- embedded systems avr tools/01- imt sdk/imt_sdk_win_64/imt_sdk_win_64/winavr/bin/../lib/gcc/avr/4.3.3/avr5\libgcc.a(_gt_sf.o)
 .debug_pubnames
                0x0000008c       0x1e f:/01- embedded systems avr tools-20230304t182915z-001/01- embedded systems avr tools/01- imt sdk/imt_sdk_win_64/imt_sdk_win_64/winavr/bin/../lib/gcc/avr/4.3.3/avr5\libgcc.a(_ge_sf.o)
 .debug_pubnames
                0x000000aa       0x1e f:/01- embedded systems avr tools-20230304t182915z-001/01- embedded systems avr tools/01- imt sdk/imt_sdk_win_64/imt_sdk_win_64/winavr/bin/../lib/gcc/avr/4.3.3/avr5\libgcc.a(_lt_sf.o)
 .debug_pubnames
                0x000000c8       0x20 f:/01- embedded systems avr tools-20230304t182915z-001/01- embedded systems avr tools/01- imt sdk/imt_sdk_win_64/imt_sdk_win_64/winavr/bin/../lib/gcc/avr/4.3.3/avr5\libgcc.a(_sf_to_si.o)
 .debug_pubnames
                0x000000e8       0x22 f:/01- embedded systems avr tools-20230304t182915z-001/01- embedded systems avr tools/01- imt sdk/imt_sdk_win_64/imt_sdk_win_64/winavr/bin/../lib/gcc/avr/4.3.3/avr5\libgcc.a(_thenan_sf.o)
 .debug_pubnames
                0x0000010a       0x24 f:/01- embedded systems avr tools-20230304t182915z-001/01- embedded systems avr tools/01- imt sdk/imt_sdk_win_64/imt_sdk_win_64/winavr/bin/../lib/gcc/avr/4.3.3/avr5\libgcc.a(_usi_to_sf.o)
 .debug_pubnames
                0x0000012e       0x1f f:/01- embedded systems avr tools-20230304t182915z-001/01- embedded systems avr tools/01- imt sdk/imt_sdk_win_64/imt_sdk_win_64/winavr/bin/../lib/gcc/avr/4.3.3/avr5\libgcc.a(_clzsi2.o)
 .debug_pubnames
                0x0000014d       0x1f f:/01- embedded systems avr tools-20230304t182915z-001/01- embedded systems avr tools/01- imt sdk/imt_sdk_win_64/imt_sdk_win_64/winavr/bin/../lib/gcc/avr/4.3.3/avr5\libgcc.a(_pack_sf.o)
 .debug_pubnames
                0x0000016c       0x21 f:/01- embedded systems avr tools-20230304t182915z-001/01- embedded systems avr tools/01- imt sdk/imt_sdk_win_64/imt_sdk_win_64/winavr/bin/../lib/gcc/avr/4.3.3/avr5\libgcc.a(_unpack_sf.o)
 .debug_pubnames
                0x0000018d       0x26 f:/01- embedded systems avr tools-20230304t182915z-001/01- embedded systems avr tools/01- imt sdk/imt_sdk_win_64/imt_sdk_win_64/winavr/bin/../lib/gcc/avr/4.3.3/avr5\libgcc.a(_fpcmp_parts_sf.o)
 .debug_pubnames
                0x000001b3       0x20 f:/01- embedded systems avr tools-20230304t182915z-001/01- embedded systems avr tools/01- imt sdk/imt_sdk_win_64/imt_sdk_win_64/winavr/bin/../lib/gcc/avr/4.3.3/avr5\libgcc.a(_clz.o)

.debug_info     0x00000000     0x200f
 *(.debug_info)
 .debug_info    0x00000000       0xb1 f:/01- embedded systems avr tools-20230304t182915z-001/01- embedded systems avr tools/01- imt sdk/imt_sdk_win_64/imt_sdk_win_64/winavr/bin/../lib/gcc/avr/4.3.3/avr5\libgcc.a(_fixunssfsi.o)
 .debug_info    0x000000b1      0x47a f:/01- embedded systems avr tools-20230304t182915z-001/01- embedded systems avr tools/01- imt sdk/imt_sdk_win_64/imt_sdk_win_64/winavr/bin/../lib/gcc/avr/4.3.3/avr5\libgcc.a(_addsub_sf.o)
 .debug_info    0x0000052b      0x485 f:/01- embedded systems avr tools-20230304t182915z-001/01- embedded systems avr tools/01- imt sdk/imt_sdk_win_64/imt_sdk_win_64/winavr/bin/../lib/gcc/avr/4.3.3/avr5\libgcc.a(_mul_sf.o)
 .debug_info    0x000009b0      0x27f f:/01- embedded systems avr tools-20230304t182915z-001/01- embedded systems avr tools/01- imt sdk/imt_sdk_win_64/imt_sdk_win_64/winavr/bin/../lib/gcc/avr/4.3.3/avr5\libgcc.a(_gt_sf.o)
 .debug_info    0x00000c2f      0x27f f:/01- embedded systems avr tools-20230304t182915z-001/01- embedded systems avr tools/01- imt sdk/imt_sdk_win_64/imt_sdk_win_64/winavr/bin/../lib/gcc/avr/4.3.3/avr5\libgcc.a(_ge_sf.o)
 .debug_info    0x00000eae      0x27f f:/01- embedded systems avr tools-20230304t182915z-001/01- embedded systems avr tools/01- imt sdk/imt_sdk_win_64/imt_sdk_win_64/winavr/bin/../lib/gcc/avr/4.3.3/avr5\libgcc.a(_lt_sf.o)
 .debug_info    0x0000112d      0x2b0 f:/01- embedded systems avr tools-20230304t182915z-001/01- embedded systems avr tools/01- imt sdk/imt_sdk_win_64/imt_sdk_win_64/winavr/bin/../lib/gcc/avr/4.3.3/avr5\libgcc.a(_sf_to_si.o)
 .debug_info    0x000013dd      0x12c f:/01- embedded systems avr tools-20230304t182915z-001/01- embedded systems avr tools/01- imt sdk/imt_sdk_win_64/imt_sdk_win_64/winavr/bin/../lib/gcc/avr/4.3.3/avr5\libgcc.a(_thenan_sf.o)
 .debug_info    0x00001509      0x206 f:/01- embedded systems avr tools-20230304t182915z-001/01- embedded systems avr tools/01- imt sdk/imt_sdk_win_64/imt_sdk_win_64/winavr/bin/../lib/gcc/avr/4.3.3/avr5\libgcc.a(_usi_to_sf.o)
 .debug_info    0x0000170f      0x117 f:/01- embedded systems avr tools-20230304t182915z-001/01- embedded systems avr tools/01- imt sdk/imt_sdk_win_64/imt_sdk_win_64/winavr/bin/../lib/gcc/avr/4.3.3/avr5\libgcc.a(_clzsi2.o)
 .debug_info    0x00001826      0x2df f:/01- embedded systems avr tools-20230304t182915z-001/01- embedded systems avr tools/01- imt sdk/imt_sdk_win_64/imt_sdk_win_64/winavr/bin/../lib/gcc/avr/4.3.3/avr5\libgcc.a(_pack_sf.o)
 .debug_info    0x00001b05      0x251 f:/01- embedded systems avr tools-20230304t182915z-001/01- embedded systems avr tools/01- imt sdk/imt_sdk_win_64/imt_sdk_win_64/winavr/bin/../lib/gcc/avr/4.3.3/avr5\libgcc.a(_unpack_sf.o)
 .debug_info    0x00001d56      0x210 f:/01- embedded systems avr tools-20230304t182915z-001/01- embedded systems avr tools/01- imt sdk/imt_sdk_win_64/imt_sdk_win_64/winavr/bin/../lib/gcc/avr/4.3.3/avr5\libgcc.a(_fpcmp_parts_sf.o)
 .debug_info    0x00001f66       0xa9 f:/01- embedded systems avr tools-20230304t182915z-001/01- embedded systems avr tools/01- imt sdk/imt_sdk_win_64/imt_sdk_win_64/winavr/bin/../lib/gcc/avr/4.3.3/avr5\libgcc.a(_clz.o)
 *(.gnu.linkonce.wi.*)

.debug_abbrev   0x00000000     0x1170
 *(.debug_abbrev)
 .debug_abbrev  0x00000000       0x5d f:/01- embedded systems avr tools-20230304t182915z-001/01- embedded systems avr tools/01- imt sdk/imt_sdk_win_64/imt_sdk_win_64/winavr/bin/../lib/gcc/avr/4.3.3/avr5\libgcc.a(_fixunssfsi.o)
 .debug_abbrev  0x0000005d      0x1ea f:/01- embedded systems avr tools-20230304t182915z-001/01- embedded systems avr tools/01- imt sdk/imt_sdk_win_64/imt_sdk_win_64/winavr/bin/../lib/gcc/avr/4.3.3/avr5\libgcc.a(_addsub_sf.o)
 .debug_abbrev  0x00000247      0x21b f:/01- embedded systems avr tools-20230304t182915z-001/01- embedded systems avr tools/01- imt sdk/imt_sdk_win_64/imt_sdk_win_64/winavr/bin/../lib/gcc/avr/4.3.3/avr5\libgcc.a(_mul_sf.o)
 .debug_abbrev  0x00000462      0x15a f:/01- embedded systems avr tools-20230304t182915z-001/01- embedded systems avr tools/01- imt sdk/imt_sdk_win_64/imt_sdk_win_64/winavr/bin/../lib/gcc/avr/4.3.3/avr5\libgcc.a(_gt_sf.o)
 .debug_abbrev  0x000005bc      0x15a f:/01- embedded systems avr tools-20230304t182915z-001/01- embedded systems avr tools/01- imt sdk/imt_sdk_win_64/imt_sdk_win_64/winavr/bin/../lib/gcc/avr/4.3.3/avr5\libgcc.a(_ge_sf.o)
 .debug_abbrev  0x00000716      0x15a f:/01- embedded systems avr tools-20230304t182915z-001/01- embedded systems avr tools/01- imt sdk/imt_sdk_win_64/imt_sdk_win_64/winavr/bin/../lib/gcc/avr/4.3.3/avr5\libgcc.a(_lt_sf.o)
 .debug_abbrev  0x00000870      0x17f f:/01- embedded systems avr tools-20230304t182915z-001/01- embedded systems avr tools/01- imt sdk/imt_sdk_win_64/imt_sdk_win_64/winavr/bin/../lib/gcc/avr/4.3.3/avr5\libgcc.a(_sf_to_si.o)
 .debug_abbrev  0x000009ef       0xad f:/01- embedded systems avr tools-20230304t182915z-001/01- embedded systems avr tools/01- imt sdk/imt_sdk_win_64/imt_sdk_win_64/winavr/bin/../lib/gcc/avr/4.3.3/avr5\libgcc.a(_thenan_sf.o)
 .debug_abbrev  0x00000a9c      0x157 f:/01- embedded systems avr tools-20230304t182915z-001/01- embedded systems avr tools/01- imt sdk/imt_sdk_win_64/imt_sdk_win_64/winavr/bin/../lib/gcc/avr/4.3.3/avr5\libgcc.a(_usi_to_sf.o)
 .debug_abbrev  0x00000bf3       0xc4 f:/01- embedded systems avr tools-20230304t182915z-001/01- embedded systems avr tools/01- imt sdk/imt_sdk_win_64/imt_sdk_win_64/winavr/bin/../lib/gcc/avr/4.3.3/avr5\libgcc.a(_clzsi2.o)
 .debug_abbrev  0x00000cb7      0x1c0 f:/01- embedded systems avr tools-20230304t182915z-001/01- embedded systems avr tools/01- imt sdk/imt_sdk_win_64/imt_sdk_win_64/winavr/bin/../lib/gcc/avr/4.3.3/avr5\libgcc.a(_pack_sf.o)
 .debug_abbrev  0x00000e77      0x154 f:/01- embedded systems avr tools-20230304t182915z-001/01- embedded systems avr tools/01- imt sdk/imt_sdk_win_64/imt_sdk_win_64/winavr/bin/../lib/gcc/avr/4.3.3/avr5\libgcc.a(_unpack_sf.o)
 .debug_abbrev  0x00000fcb      0x13b f:/01- embedded systems avr tools-20230304t182915z-001/01- embedded systems avr tools/01- imt sdk/imt_sdk_win_64/imt_sdk_win_64/winavr/bin/../lib/gcc/avr/4.3.3/avr5\libgcc.a(_fpcmp_parts_sf.o)
 .debug_abbrev  0x00001106       0x6a f:/01- embedded systems avr tools-20230304t182915z-001/01- embedded systems avr tools/01- imt sdk/imt_sdk_win_64/imt_sdk_win_64/winavr/bin/../lib/gcc/avr/4.3.3/avr5\libgcc.a(_clz.o)

.debug_line     0x00000000     0x1001
 *(.debug_line)
 .debug_line    0x00000000       0xa7 f:/01- embedded systems avr tools-20230304t182915z-001/01- embedded systems avr tools/01- imt sdk/imt_sdk_win_64/imt_sdk_win_64/winavr/bin/../lib/gcc/avr/4.3.3/avr5\libgcc.a(_fixunssfsi.o)
 .debug_line    0x000000a7      0x2af f:/01- embedded systems avr tools-20230304t182915z-001/01- embedded systems avr tools/01- imt sdk/imt_sdk_win_64/imt_sdk_win_64/winavr/bin/../lib/gcc/avr/4.3.3/avr5\libgcc.a(_addsub_sf.o)
 .debug_line    0x00000356      0x239 f:/01- embedded systems avr tools-20230304t182915z-001/01- embedded systems avr tools/01- imt sdk/imt_sdk_win_64/imt_sdk_win_64/winavr/bin/../lib/gcc/avr/4.3.3/avr5\libgcc.a(_mul_sf.o)
 .debug_line    0x0000058f       0xd3 f:/01- embedded systems avr tools-20230304t182915z-001/01- embedded systems avr tools/01- imt sdk/imt_sdk_win_64/imt_sdk_win_64/winavr/bin/../lib/gcc/avr/4.3.3/avr5\libgcc.a(_gt_sf.o)
 .debug_line    0x00000662       0xd3 f:/01- embedded systems avr tools-20230304t182915z-001/01- embedded systems avr tools/01- imt sdk/imt_sdk_win_64/imt_sdk_win_64/winavr/bin/../lib/gcc/avr/4.3.3/avr5\libgcc.a(_ge_sf.o)
 .debug_line    0x00000735       0xd3 f:/01- embedded systems avr tools-20230304t182915z-001/01- embedded systems avr tools/01- imt sdk/imt_sdk_win_64/imt_sdk_win_64/winavr/bin/../lib/gcc/avr/4.3.3/avr5\libgcc.a(_lt_sf.o)
 .debug_line    0x00000808      0x109 f:/01- embedded systems avr tools-20230304t182915z-001/01- embedded systems avr tools/01- imt sdk/imt_sdk_win_64/imt_sdk_win_64/winavr/bin/../lib/gcc/avr/4.3.3/avr5\libgcc.a(_sf_to_si.o)
 .debug_line    0x00000911       0x90 f:/01- embedded systems avr tools-20230304t182915z-001/01- embedded systems avr tools/01- imt sdk/imt_sdk_win_64/imt_sdk_win_64/winavr/bin/../lib/gcc/avr/4.3.3/avr5\libgcc.a(_thenan_sf.o)
 .debug_line    0x000009a1      0x133 f:/01- embedded systems avr tools-20230304t182915z-001/01- embedded systems avr tools/01- imt sdk/imt_sdk_win_64/imt_sdk_win_64/winavr/bin/../lib/gcc/avr/4.3.3/avr5\libgcc.a(_usi_to_sf.o)
 .debug_line    0x00000ad4       0xa5 f:/01- embedded systems avr tools-20230304t182915z-001/01- embedded systems avr tools/01- imt sdk/imt_sdk_win_64/imt_sdk_win_64/winavr/bin/../lib/gcc/avr/4.3.3/avr5\libgcc.a(_clzsi2.o)
 .debug_line    0x00000b79      0x18a f:/01- embedded systems avr tools-20230304t182915z-001/01- embedded systems avr tools/01- imt sdk/imt_sdk_win_64/imt_sdk_win_64/winavr/bin/../lib/gcc/avr/4.3.3/avr5\libgcc.a(_pack_sf.o)
 .debug_line    0x00000d03      0x14b f:/01- embedded systems avr tools-20230304t182915z-001/01- embedded systems avr tools/01- imt sdk/imt_sdk_win_64/imt_sdk_win_64/winavr/bin/../lib/gcc/avr/4.3.3/avr5\libgcc.a(_unpack_sf.o)
 .debug_line    0x00000e4e      0x137 f:/01- embedded systems avr tools-20230304t182915z-001/01- embedded systems avr tools/01- imt sdk/imt_sdk_win_64/imt_sdk_win_64/winavr/bin/../lib/gcc/avr/4.3.3/avr5\libgcc.a(_fpcmp_parts_sf.o)
 .debug_line    0x00000f85       0x7c f:/01- embedded systems avr tools-20230304t182915z-001/01- embedded systems avr tools/01- imt sdk/imt_sdk_win_64/imt_sdk_win_64/winavr/bin/../lib/gcc/avr/4.3.3/avr5\libgcc.a(_clz.o)

.debug_frame    0x00000000      0x1a0
 *(.debug_frame)
 .debug_frame   0x00000000       0x20 f:/01- embedded systems avr tools-20230304t182915z-001/01- embedded systems avr tools/01- imt sdk/imt_sdk_win_64/imt_sdk_win_64/winavr/bin/../lib/gcc/avr/4.3.3/avr5\libgcc.a(_fixunssfsi.o)
 .debug_frame   0x00000020       0x40 f:/01- embedded systems avr tools-20230304t182915z-001/01- embedded systems avr tools/01- imt sdk/imt_sdk_win_64/imt_sdk_win_64/winavr/bin/../lib/gcc/avr/4.3.3/avr5\libgcc.a(_addsub_sf.o)
 .debug_frame   0x00000060       0x20 f:/01- embedded systems avr tools-20230304t182915z-001/01- embedded systems avr tools/01- imt sdk/imt_sdk_win_64/imt_sdk_win_64/winavr/bin/../lib/gcc/avr/4.3.3/avr5\libgcc.a(_mul_sf.o)
 .debug_frame   0x00000080       0x20 f:/01- embedded systems avr tools-20230304t182915z-001/01- embedded systems avr tools/01- imt sdk/imt_sdk_win_64/imt_sdk_win_64/winavr/bin/../lib/gcc/avr/4.3.3/avr5\libgcc.a(_gt_sf.o)
 .debug_frame   0x000000a0       0x20 f:/01- embedded systems avr tools-20230304t182915z-001/01- embedded systems avr tools/01- imt sdk/imt_sdk_win_64/imt_sdk_win_64/winavr/bin/../lib/gcc/avr/4.3.3/avr5\libgcc.a(_ge_sf.o)
 .debug_frame   0x000000c0       0x20 f:/01- embedded systems avr tools-20230304t182915z-001/01- embedded systems avr tools/01- imt sdk/imt_sdk_win_64/imt_sdk_win_64/winavr/bin/../lib/gcc/avr/4.3.3/avr5\libgcc.a(_lt_sf.o)
 .debug_frame   0x000000e0       0x20 f:/01- embedded systems avr tools-20230304t182915z-001/01- embedded systems avr tools/01- imt sdk/imt_sdk_win_64/imt_sdk_win_64/winavr/bin/../lib/gcc/avr/4.3.3/avr5\libgcc.a(_sf_to_si.o)
 .debug_frame   0x00000100       0x20 f:/01- embedded systems avr tools-20230304t182915z-001/01- embedded systems avr tools/01- imt sdk/imt_sdk_win_64/imt_sdk_win_64/winavr/bin/../lib/gcc/avr/4.3.3/avr5\libgcc.a(_usi_to_sf.o)
 .debug_frame   0x00000120       0x20 f:/01- embedded systems avr tools-20230304t182915z-001/01- embedded systems avr tools/01- imt sdk/imt_sdk_win_64/imt_sdk_win_64/winavr/bin/../lib/gcc/avr/4.3.3/avr5\libgcc.a(_clzsi2.o)
 .debug_frame   0x00000140       0x20 f:/01- embedded systems avr tools-20230304t182915z-001/01- embedded systems avr tools/01- imt sdk/imt_sdk_win_64/imt_sdk_win_64/winavr/bin/../lib/gcc/avr/4.3.3/avr5\libgcc.a(_pack_sf.o)
 .debug_frame   0x00000160       0x20 f:/01- embedded systems avr tools-20230304t182915z-001/01- embedded systems avr tools/01- imt sdk/imt_sdk_win_64/imt_sdk_win_64/winavr/bin/../lib/gcc/avr/4.3.3/avr5\libgcc.a(_unpack_sf.o)
 .debug_frame   0x00000180       0x20 f:/01- embedded systems avr tools-20230304t182915z-001/01- embedded systems avr tools/01- imt sdk/imt_sdk_win_64/imt_sdk_win_64/winavr/bin/../lib/gcc/avr/4.3.3/avr5\libgcc.a(_fpcmp_parts_sf.o)

.debug_str      0x00000000      0x2c1
 *(.debug_str)
 .debug_str     0x00000000       0xbf f:/01- embedded systems avr tools-20230304t182915z-001/01- embedded systems avr tools/01- imt sdk/imt_sdk_win_64/imt_sdk_win_64/winavr/bin/../lib/gcc/avr/4.3.3/avr5\libgcc.a(_fixunssfsi.o)
                                 0xfe (size before relaxing)
 .debug_str     0x000000bf      0x14d f:/01- embedded systems avr tools-20230304t182915z-001/01- embedded systems avr tools/01- imt sdk/imt_sdk_win_64/imt_sdk_win_64/winavr/bin/../lib/gcc/avr/4.3.3/avr5\libgcc.a(_addsub_sf.o)
                                0x206 (size before relaxing)
 .debug_str     0x0000020c       0x27 f:/01- embedded systems avr tools-20230304t182915z-001/01- embedded systems avr tools/01- imt sdk/imt_sdk_win_64/imt_sdk_win_64/winavr/bin/../lib/gcc/avr/4.3.3/avr5\libgcc.a(_mul_sf.o)
                                0x1bf (size before relaxing)
 .debug_str     0x00000233        0x8 f:/01- embedded systems avr tools-20230304t182915z-001/01- embedded systems avr tools/01- imt sdk/imt_sdk_win_64/imt_sdk_win_64/winavr/bin/../lib/gcc/avr/4.3.3/avr5\libgcc.a(_gt_sf.o)
                                0x195 (size before relaxing)
 .debug_str     0x0000023b        0x8 f:/01- embedded systems avr tools-20230304t182915z-001/01- embedded systems avr tools/01- imt sdk/imt_sdk_win_64/imt_sdk_win_64/winavr/bin/../lib/gcc/avr/4.3.3/avr5\libgcc.a(_ge_sf.o)
                                0x195 (size before relaxing)
 .debug_str     0x00000243        0x8 f:/01- embedded systems avr tools-20230304t182915z-001/01- embedded systems avr tools/01- imt sdk/imt_sdk_win_64/imt_sdk_win_64/winavr/bin/../lib/gcc/avr/4.3.3/avr5\libgcc.a(_lt_sf.o)
                                0x195 (size before relaxing)
 .debug_str     0x0000024b        0xa f:/01- embedded systems avr tools-20230304t182915z-001/01- embedded systems avr tools/01- imt sdk/imt_sdk_win_64/imt_sdk_win_64/winavr/bin/../lib/gcc/avr/4.3.3/avr5\libgcc.a(_sf_to_si.o)
                                0x19e (size before relaxing)
 .debug_str     0x00000000      0x103 f:/01- embedded systems avr tools-20230304t182915z-001/01- embedded systems avr tools/01- imt sdk/imt_sdk_win_64/imt_sdk_win_64/winavr/bin/../lib/gcc/avr/4.3.3/avr5\libgcc.a(_thenan_sf.o)
 .debug_str     0x00000255       0x21 f:/01- embedded systems avr tools-20230304t182915z-001/01- embedded systems avr tools/01- imt sdk/imt_sdk_win_64/imt_sdk_win_64/winavr/bin/../lib/gcc/avr/4.3.3/avr5\libgcc.a(_usi_to_sf.o)
                                0x177 (size before relaxing)
 .debug_str     0x00000276       0x20 f:/01- embedded systems avr tools-20230304t182915z-001/01- embedded systems avr tools/01- imt sdk/imt_sdk_win_64/imt_sdk_win_64/winavr/bin/../lib/gcc/avr/4.3.3/avr5\libgcc.a(_clzsi2.o)
                                0x111 (size before relaxing)
 .debug_str     0x00000296       0x10 f:/01- embedded systems avr tools-20230304t182915z-001/01- embedded systems avr tools/01- imt sdk/imt_sdk_win_64/imt_sdk_win_64/winavr/bin/../lib/gcc/avr/4.3.3/avr5\libgcc.a(_pack_sf.o)
                                0x19d (size before relaxing)
 .debug_str     0x000002a6        0xb f:/01- embedded systems avr tools-20230304t182915z-001/01- embedded systems avr tools/01- imt sdk/imt_sdk_win_64/imt_sdk_win_64/winavr/bin/../lib/gcc/avr/4.3.3/avr5\libgcc.a(_unpack_sf.o)
                                0x17f (size before relaxing)
 .debug_str     0x000002b1       0x10 f:/01- embedded systems avr tools-20230304t182915z-001/01- embedded systems avr tools/01- imt sdk/imt_sdk_win_64/imt_sdk_win_64/winavr/bin/../lib/gcc/avr/4.3.3/avr5\libgcc.a(_fpcmp_parts_sf.o)
                                0x163 (size before relaxing)
 .debug_str     0x00000000       0xf4 f:/01- embedded systems avr tools-20230304t182915z-001/01- embedded systems avr tools/01- imt sdk/imt_sdk_win_64/imt_sdk_win_64/winavr/bin/../lib/gcc/avr/4.3.3/avr5\libgcc.a(_clz.o)

.debug_loc      0x00000000      0x8ae
 *(.debug_loc)
 .debug_loc     0x00000000       0x34 f:/01- embedded systems avr tools-20230304t182915z-001/01- embedded systems avr tools/01- imt sdk/imt_sdk_win_64/imt_sdk_win_64/winavr/bin/../lib/gcc/avr/4.3.3/avr5\libgcc.a(_fixunssfsi.o)
 .debug_loc     0x00000034      0x32a f:/01- embedded systems avr tools-20230304t182915z-001/01- embedded systems avr tools/01- imt sdk/imt_sdk_win_64/imt_sdk_win_64/winavr/bin/../lib/gcc/avr/4.3.3/avr5\libgcc.a(_addsub_sf.o)
 .debug_loc     0x0000035e      0x104 f:/01- embedded systems avr tools-20230304t182915z-001/01- embedded systems avr tools/01- imt sdk/imt_sdk_win_64/imt_sdk_win_64/winavr/bin/../lib/gcc/avr/4.3.3/avr5\libgcc.a(_mul_sf.o)
 .debug_loc     0x00000462       0x3c f:/01- embedded systems avr tools-20230304t182915z-001/01- embedded systems avr tools/01- imt sdk/imt_sdk_win_64/imt_sdk_win_64/winavr/bin/../lib/gcc/avr/4.3.3/avr5\libgcc.a(_gt_sf.o)
 .debug_loc     0x0000049e       0x3c f:/01- embedded systems avr tools-20230304t182915z-001/01- embedded systems avr tools/01- imt sdk/imt_sdk_win_64/imt_sdk_win_64/winavr/bin/../lib/gcc/avr/4.3.3/avr5\libgcc.a(_ge_sf.o)
 .debug_loc     0x000004da       0x3c f:/01- embedded systems avr tools-20230304t182915z-001/01- embedded systems avr tools/01- imt sdk/imt_sdk_win_64/imt_sdk_win_64/winavr/bin/../lib/gcc/avr/4.3.3/avr5\libgcc.a(_lt_sf.o)
 .debug_loc     0x00000516       0x7e f:/01- embedded systems avr tools-20230304t182915z-001/01- embedded systems avr tools/01- imt sdk/imt_sdk_win_64/imt_sdk_win_64/winavr/bin/../lib/gcc/avr/4.3.3/avr5\libgcc.a(_sf_to_si.o)
 .debug_loc     0x00000594       0x4c f:/01- embedded systems avr tools-20230304t182915z-001/01- embedded systems avr tools/01- imt sdk/imt_sdk_win_64/imt_sdk_win_64/winavr/bin/../lib/gcc/avr/4.3.3/avr5\libgcc.a(_usi_to_sf.o)
 .debug_loc     0x000005e0       0x94 f:/01- embedded systems avr tools-20230304t182915z-001/01- embedded systems avr tools/01- imt sdk/imt_sdk_win_64/imt_sdk_win_64/winavr/bin/../lib/gcc/avr/4.3.3/avr5\libgcc.a(_clzsi2.o)
 .debug_loc     0x00000674      0x13e f:/01- embedded systems avr tools-20230304t182915z-001/01- embedded systems avr tools/01- imt sdk/imt_sdk_win_64/imt_sdk_win_64/winavr/bin/../lib/gcc/avr/4.3.3/avr5\libgcc.a(_pack_sf.o)
 .debug_loc     0x000007b2       0xac f:/01- embedded systems avr tools-20230304t182915z-001/01- embedded systems avr tools/01- imt sdk/imt_sdk_win_64/imt_sdk_win_64/winavr/bin/../lib/gcc/avr/4.3.3/avr5\libgcc.a(_unpack_sf.o)
 .debug_loc     0x0000085e       0x50 f:/01- embedded systems avr tools-20230304t182915z-001/01- embedded systems avr tools/01- imt sdk/imt_sdk_win_64/imt_sdk_win_64/winavr/bin/../lib/gcc/avr/4.3.3/avr5\libgcc.a(_fpcmp_parts_sf.o)

.debug_macinfo
 *(.debug_macinfo)
OUTPUT(AVR_Drivers.elf elf32-avr)
LOAD linker stubs

.debug_ranges   0x00000000       0x50
 .debug_ranges  0x00000000       0x50 f:/01- embedded systems avr tools-20230304t182915z-001/01- embedded systems avr tools/01- imt sdk/imt_sdk_win_64/imt_sdk_win_64/winavr/bin/../lib/gcc/avr/4.3.3/avr5\libgcc.a(_mul_sf.o)
